==== internal_key_mappings_0001 
---- It "Check the existence of <SID>(count) in each mode" 
.....

==== operator_user_define_0001 
---- It "operator#user#define(): Typical usage" 
...................x

==== operator_user_define_0002 
---- It "operator#user#define(): With {extra}s" 
...

==== operator_user_define_0003 
---- It "operator#user#define(): With script-local function" 
...................x

==== operator_user_define_0004 
---- It "operator#user#define(): count in Visual mode" 
..

==== operator_user_define_0005 
---- It "operator#user#define_ex_command(): Typical usage" 
....x.

==== operator_user_define_0006 
---- It "register designation for user defined operator" 
..........

==== operator_user_define_0007 
---- It "operator#user#visual_command_from_wise_name()" 
..............



**** Result ****


In operator_user_define_0001 

It "operator#user#define(): Typical usage"
FAILED: getline('.', line('.')+4) ==# ['a', 'e', 'g', 'n', 's']
  expected: ['a', 'e', 'g', 'n', 's']
       got: ['a', 'g', 'n', 'e', 's']


In operator_user_define_0003 

It "operator#user#define(): With script-local function"
FAILED: getline('.', line('.')+4) ==# ['a', 'e', 'g', 'n', 's']
  expected: ['a', 'e', 'g', 'n', 's']
       got: ['a', 'g', 'n', 'e', 's']


In operator_user_define_0005 

It "operator#user#define_ex_command(): Typical usage"
FAILED: getline('.', line('.')+1) ==# ['a g n e', 's']
  expected: ['a g n e', 's']
       got: ['a', 'g']


80 examples, 3 failures
